CPU halted at 0x0006 after 4 instructions
  A=01  B=00  DPTR=8000  C=false OV=false AC=false F0=false
  R0=00 R1=00 R2=00 R3=00 R4=00 R5=00 R6=00 R7=00 
MEM: 01 00 00 00
